fixture.js
    warning  eslint     3:10   Missing function expression name.  func-names
