fixture.js
    warning  eslint     3:10   Missing function expression name.  func-names

subfolder/fixture.js
    warning  eslint     3:4    Unexpected dangling '_' in '_foo'.  no-underscore-dangle
    error    eslint     5:10   Missing function expression name.   func-names
